// Jest Snapshot v1, https://goo.gl/fbAQLP

exports[`Landing renders correctly 1`] = `
<div
  className="makeStyles-root-1 MuiBox-root css-0"
>
  <div
    className="makeStyles-root-2 MuiBox-root css-0"
  >
    <div
      className="makeStyles-title-3 MuiBox-root css-0"
    >
      Caribbean and Latin America
    </div>
    <div
      className="makeStyles-title-3 MuiBox-root css-0"
    >
      Hybrid Exchange
    </div>
  </div>
  <div
    className="makeStyles-root-4 MuiBox-root css-0"
  >
    <button
      className="MuiButton-root MuiButton-contained MuiButton-containedPrimary MuiButton-sizeLarge MuiButton-containedSizeLarge MuiButtonBase-root  css-ksofmu-MuiButtonBase-root-MuiButton-root"
      disabled={false}
      onBlur={[Function]}
      onContextMenu={[Function]}
      onDragLeave={[Function]}
      onFocus={[Function]}
      onKeyDown={[Function]}
      onKeyUp={[Function]}
      onMouseDown={[Function]}
      onMouseLeave={[Function]}
      onMouseUp={[Function]}
      onTouchEnd={[Function]}
      onTouchMove={[Function]}
      onTouchStart={[Function]}
      tabIndex={0}
      type="button"
    >
      <a
        href="/signup"
        onClick={[Function]}
      >
        <div
          className="makeStyles-signup-5 MuiBox-root css-0"
        >
          Sign Up
        </div>
      </a>
    </button>
    <button
      className="MuiButton-root MuiButton-outlined MuiButton-outlinedPrimary MuiButton-sizeLarge MuiButton-outlinedSizeLarge MuiButtonBase-root  css-r6008z-MuiButtonBase-root-MuiButton-root"
      disabled={false}
      onBlur={[Function]}
      onContextMenu={[Function]}
      onDragLeave={[Function]}
      onFocus={[Function]}
      onKeyDown={[Function]}
      onKeyUp={[Function]}
      onMouseDown={[Function]}
      onMouseLeave={[Function]}
      onMouseUp={[Function]}
      onTouchEnd={[Function]}
      onTouchMove={[Function]}
      onTouchStart={[Function]}
      tabIndex={0}
      type="button"
    >
      <a
        href="/login"
        onClick={[Function]}
      >
        <div
          className="makeStyles-login-6 MuiBox-root css-0"
        >
          Log In
        </div>
      </a>
    </button>
  </div>
  <div
    className="makeStyles-root-7 MuiBox-root css-0"
  >
    <div
      className="MuiGrid-root MuiGrid-container css-11lq3yg-MuiGrid-root"
    >
      <div
        className="MuiGrid-root MuiGrid-item MuiGrid-grid-xs-12 makeStyles-menuLink-8 css-1idn90j-MuiGrid-root"
      >
        <a
          href="/cryptoexchange"
          onClick={[Function]}
        >
          Crpyto Exchange
        </a>
      </div>
      <div
        className="MuiGrid-root MuiGrid-item MuiGrid-grid-xs-12 makeStyles-menuLink-8 css-1idn90j-MuiGrid-root"
      >
        <a
          href="/wallet"
          onClick={[Function]}
        >
          Wallet
        </a>
      </div>
      <div
        className="MuiGrid-root MuiGrid-item MuiGrid-grid-xs-12 makeStyles-menuLink-8 css-1idn90j-MuiGrid-root"
      >
        <a
          href="/buycrypto"
          onClick={[Function]}
        >
          Buy Crpyto
        </a>
      </div>
      <div
        className="MuiGrid-root MuiGrid-item MuiGrid-grid-xs-12 makeStyles-menuLink-8 css-1idn90j-MuiGrid-root"
      >
        <a
          href="/caxrewards"
          onClick={[Function]}
        >
          CAX Rewards
        </a>
      </div>
    </div>
  </div>
  <div
    className="makeStyles-root-9 MuiBox-root css-0"
  >
    <div
      className="MuiGrid-root MuiGrid-container MuiGrid-spacing-xs-2 makeStyles-joinItem-10 css-mhc70k-MuiGrid-root"
    >
      <div
        className="MuiGrid-root MuiGrid-item MuiGrid-grid-xs-12 css-1idn90j-MuiGrid-root"
        data-aos="fade-up"
      >
        <div
          className="makeStyles-root-18 MuiBox-root css-0"
        >
          <img
            className="MuiBox-root css-0"
            src="trading_img.jpg"
          />
        </div>
      </div>
      <div
        className="MuiGrid-root MuiGrid-item MuiGrid-grid-xs-0 css-13i4rnv-MuiGrid-root"
      />
      <div
        className="MuiGrid-root MuiGrid-item MuiGrid-grid-xs-12 css-1idn90j-MuiGrid-root"
      >
        <div
          className="makeStyles-root-19 MuiBox-root css-0"
        >
          <div
            className="makeStyles-title-20 MuiBox-root css-0"
          >
            TRADING
          </div>
          <div
            className="makeStyles-content-21 MuiBox-root css-0"
          >
            Buy, sell and trade. Buy ETH/USDT with your debit and credit card from your Calahex Wallet. Get your crypto wallet going with 200+ spot trading pairs.
          </div>
        </div>
      </div>
    </div>
    <div
      className="MuiGrid-root MuiGrid-container MuiGrid-spacing-xs-2 makeStyles-joinItem-10 css-mhc70k-MuiGrid-root"
    >
      <div
        className="MuiGrid-root MuiGrid-item MuiGrid-grid-xs-12 css-1idn90j-MuiGrid-root"
      >
        <div
          className="makeStyles-root-19 MuiBox-root css-0"
        >
          <div
            className="makeStyles-title-20 MuiBox-root css-0"
          >
            LISTING
          </div>
          <div
            className="makeStyles-content-21 MuiBox-root css-0"
          >
            Life is full of opportunities and so is Calahex. We root for the small and medium size businesses because they are the pillars of any economy. Get listed now on the cheapest platform there is, and meet a world full of investors
          </div>
        </div>
        <div
          className="makeStyles-imgLink-12 MuiBox-root css-0"
        >
          <button
            className="MuiButton-root MuiButton-contained MuiButton-containedPrimary MuiButton-sizeSmall MuiButton-containedSizeSmall MuiButtonBase-root  css-tq2rb5-MuiButtonBase-root-MuiButton-root"
            disabled={false}
            onBlur={[Function]}
            onContextMenu={[Function]}
            onDragLeave={[Function]}
            onFocus={[Function]}
            onKeyDown={[Function]}
            onKeyUp={[Function]}
            onMouseDown={[Function]}
            onMouseLeave={[Function]}
            onMouseUp={[Function]}
            onTouchEnd={[Function]}
            onTouchMove={[Function]}
            onTouchStart={[Function]}
            tabIndex={0}
            type="button"
          >
             Caladex.org 
          </button>
        </div>
      </div>
      <div
        className="MuiGrid-root MuiGrid-item MuiGrid-grid-xs-0 css-13i4rnv-MuiGrid-root"
      />
      <div
        className="MuiGrid-root MuiGrid-item MuiGrid-grid-xs-12 css-1idn90j-MuiGrid-root"
        data-aos="fade-up"
      >
        <div
          className="makeStyles-root-18 MuiBox-root css-0"
        >
          <img
            className="MuiBox-root css-0"
            src="listing.png"
          />
        </div>
      </div>
    </div>
    <div
      className="MuiGrid-root MuiGrid-container MuiGrid-spacing-xs-2 makeStyles-joinItem-10 css-mhc70k-MuiGrid-root"
    >
      <div
        className="MuiGrid-root MuiGrid-item MuiGrid-grid-xs-12 css-1idn90j-MuiGrid-root"
        data-aos="fade-up"
      >
        <div
          className="makeStyles-root-18 MuiBox-root css-0"
        >
          <img
            className="MuiBox-root css-0"
            src="stacking_img.jpg"
          />
        </div>
      </div>
      <div
        className="MuiGrid-root MuiGrid-item MuiGrid-grid-xs-0 css-13i4rnv-MuiGrid-root"
      />
      <div
        className="MuiGrid-root MuiGrid-item MuiGrid-grid-xs-12 css-1idn90j-MuiGrid-root"
      >
        <div
          className="makeStyles-root-19 MuiBox-root css-0"
        >
          <div
            className="makeStyles-title-20 MuiBox-root css-0"
          >
            STAKING
          </div>
          <div
            className="makeStyles-content-21 MuiBox-root css-0"
          >
            Let our CAX Token do all the work for you. Hold CAX and receive regular interest directly into your account with our simplified staking system. No binding periods, no problem, just relax and enjoy.
          </div>
        </div>
        <div
          className="makeStyles-imgLink-12 MuiBox-root css-0"
        >
          <button
            className="MuiButton-root MuiButton-contained MuiButton-containedPrimary MuiButton-sizeSmall MuiButton-containedSizeSmall MuiButtonBase-root  css-tq2rb5-MuiButtonBase-root-MuiButton-root"
            disabled={false}
            onBlur={[Function]}
            onContextMenu={[Function]}
            onDragLeave={[Function]}
            onFocus={[Function]}
            onKeyDown={[Function]}
            onKeyUp={[Function]}
            onMouseDown={[Function]}
            onMouseLeave={[Function]}
            onMouseUp={[Function]}
            onTouchEnd={[Function]}
            onTouchMove={[Function]}
            onTouchStart={[Function]}
            tabIndex={0}
            type="button"
          >
             Deposit CAX 
          </button>
        </div>
      </div>
    </div>
    <div
      className="MuiGrid-root MuiGrid-container MuiGrid-spacing-xs-2 makeStyles-joinItem-10 css-mhc70k-MuiGrid-root"
    >
      <div
        className="MuiGrid-root MuiGrid-item MuiGrid-grid-xs-12 css-1idn90j-MuiGrid-root"
      >
        <div
          className="makeStyles-root-19 MuiBox-root css-0"
        >
          <div
            className="makeStyles-title-20 MuiBox-root css-0"
          >
            MOBILE
          </div>
          <div
            className="makeStyles-content-21 MuiBox-root css-0"
          >
            Trade when, how and where you want. Trade, deposit, withdraw and transfer using our mobile app.
          </div>
        </div>
        <div
          className="makeStyles-imgLink-12 MuiBox-root css-0"
        >
          <button
            className="MuiButton-root MuiButton-contained MuiButton-containedPrimary MuiButton-sizeSmall MuiButton-containedSizeSmall MuiButtonBase-root  css-tq2rb5-MuiButtonBase-root-MuiButton-root"
            disabled={false}
            onBlur={[Function]}
            onContextMenu={[Function]}
            onDragLeave={[Function]}
            onFocus={[Function]}
            onKeyDown={[Function]}
            onKeyUp={[Function]}
            onMouseDown={[Function]}
            onMouseLeave={[Function]}
            onMouseUp={[Function]}
            onTouchEnd={[Function]}
            onTouchMove={[Function]}
            onTouchStart={[Function]}
            tabIndex={0}
            type="button"
          >
            <span
              className="MuiButton-startIcon MuiButton-iconSizeSmall css-y6rp3m-MuiButton-startIcon"
            >
              <svg
                aria-hidden={true}
                className="MuiSvgIcon-root MuiSvgIcon-fontSizeMedium css-i4bv87-MuiSvgIcon-root"
                data-testid="PlayArrowIcon"
                focusable="false"
                viewBox="0 0 24 24"
              >
                <path
                  d="M8 5v14l11-7z"
                />
              </svg>
            </span>
            Download on Google Play 
          </button>
          <button
            className="MuiButton-root MuiButton-contained MuiButton-containedPrimary MuiButton-sizeSmall MuiButton-containedSizeSmall MuiButtonBase-root  css-tq2rb5-MuiButtonBase-root-MuiButton-root"
            disabled={false}
            onBlur={[Function]}
            onContextMenu={[Function]}
            onDragLeave={[Function]}
            onFocus={[Function]}
            onKeyDown={[Function]}
            onKeyUp={[Function]}
            onMouseDown={[Function]}
            onMouseLeave={[Function]}
            onMouseUp={[Function]}
            onTouchEnd={[Function]}
            onTouchMove={[Function]}
            onTouchStart={[Function]}
            tabIndex={0}
            type="button"
          >
            <span
              className="MuiButton-startIcon MuiButton-iconSizeSmall css-y6rp3m-MuiButton-startIcon"
            >
              <svg
                aria-hidden={true}
                className="MuiSvgIcon-root MuiSvgIcon-fontSizeMedium css-i4bv87-MuiSvgIcon-root"
                data-testid="AppleIcon"
                focusable="false"
                viewBox="0 0 24 24"
              >
                <path
                  d="M18.71 19.5c-.83 1.24-1.71 2.45-3.05 2.47-1.34.03-1.77-.79-3.29-.79-1.53 0-2 .77-3.27.82-1.31.05-2.3-1.32-3.14-2.53C4.25 17 2.94 12.45 4.7 9.39c.87-1.52 2.43-2.48 4.12-2.51 1.28-.02 2.5.87 3.29.87.78 0 2.26-1.07 3.81-.91.65.03 2.47.26 3.64 1.98-.09.06-2.17 1.28-2.15 3.81.03 3.02 2.65 4.03 2.68 4.04-.03.07-.42 1.44-1.38 2.83M13 3.5c.73-.83 1.94-1.46 2.94-1.5.13 1.17-.34 2.35-1.04 3.19-.69.85-1.83 1.51-2.95 1.42-.15-1.15.41-2.35 1.05-3.11z"
                />
              </svg>
            </span>
            Download on App Store 
          </button>
        </div>
      </div>
      <div
        className="MuiGrid-root MuiGrid-item MuiGrid-grid-xs-0 css-13i4rnv-MuiGrid-root"
      />
      <div
        className="MuiGrid-root MuiGrid-item MuiGrid-grid-xs-12 css-1idn90j-MuiGrid-root"
        data-aos="fade-up"
      >
        <div
          className="makeStyles-root-18 MuiBox-root css-0"
        >
          <img
            className="MuiBox-root css-0"
            src="mobile1.png"
          />
        </div>
      </div>
    </div>
    <div
      className="MuiGrid-root MuiGrid-container MuiGrid-spacing-xs-2 makeStyles-joinItem-10 css-mhc70k-MuiGrid-root"
    >
      <div
        className="MuiGrid-root MuiGrid-item MuiGrid-grid-xs-12 css-1idn90j-MuiGrid-root"
      >
        <div
          className="makeStyles-root-19 MuiBox-root css-0"
        >
          <div
            className="makeStyles-title-20 MuiBox-root css-0"
          >
            COMMUNITY
          </div>
          <div
            className="makeStyles-content-21 MuiBox-root css-0"
          >
            Don't wait to join our community. We are a lively bunch. Keep up with us all over the world. Facebook, Twitter, Instagram and Linkedin you will find us screaming about Crypto all the time.
          </div>
        </div>
        <div
          className="makeStyles-root-19 MuiBox-root css-0"
        >
          <div
            className="makeStyles-title-20 MuiBox-root css-0"
          >
            24/7 SUPPORT:
          </div>
          <div
            className="makeStyles-content-21 MuiBox-root css-0"
          >
            We are here for you. So if you have any questions or need guidance, let us know. Will take care of all your issues and resolve them a.s.a.p.
          </div>
          <div
            className="makeStyles-tail-22 MuiBox-root css-0"
          >
            Contract
          </div>
        </div>
        <div
          className="makeStyles-root-19 MuiBox-root css-0"
        >
          <div
            className="makeStyles-title-20 MuiBox-root css-0"
          >
            JOB OPPORTUNITIES:
          </div>
          <div
            className="makeStyles-content-21 MuiBox-root css-0"
          >
            We are the coolest digital asset exchange in the world. If you come on board, you will enjoy the ride. If you are cool and smart than consider us family!
          </div>
          <div
            className="makeStyles-tail-22 MuiBox-root css-0"
          >
            Details...
          </div>
        </div>
      </div>
      <div
        className="MuiGrid-root MuiGrid-item MuiGrid-grid-xs-0 css-13i4rnv-MuiGrid-root"
      />
      <div
        className="MuiGrid-root MuiGrid-item MuiGrid-grid-xs-12 css-17s97wy-MuiGrid-root"
        data-aos="fade-up"
      >
        <div
          className="makeStyles-root-18 MuiBox-root css-0"
        >
          <img
            className="MuiBox-root css-0"
            src="community.png"
          />
        </div>
        <div
          className="makeStyles-iconGp-11 MuiBox-root css-0"
        >
          <svg
            aria-hidden={true}
            className="MuiSvgIcon-root MuiSvgIcon-fontSizeMedium makeStyles-facebook-14 css-i4bv87-MuiSvgIcon-root"
            data-testid="FacebookIcon"
            focusable="false"
            viewBox="0 0 24 24"
          >
            <path
              d="M5 3h14a2 2 0 0 1 2 2v14a2 2 0 0 1-2 2H5a2 2 0 0 1-2-2V5a2 2 0 0 1 2-2m13 2h-2.5A3.5 3.5 0 0 0 12 8.5V11h-2v3h2v7h3v-7h3v-3h-3V9a1 1 0 0 1 1-1h2V5z"
            />
          </svg>
          <svg
            aria-hidden={true}
            className="MuiSvgIcon-root MuiSvgIcon-fontSizeMedium makeStyles-twitter-15 css-i4bv87-MuiSvgIcon-root"
            data-testid="TwitterIcon"
            focusable="false"
            viewBox="0 0 24 24"
          >
            <path
              d="M22.46 6c-.77.35-1.6.58-2.46.69.88-.53 1.56-1.37 1.88-2.38-.83.5-1.75.85-2.72 1.05C18.37 4.5 17.26 4 16 4c-2.35 0-4.27 1.92-4.27 4.29 0 .34.04.67.11.98C8.28 9.09 5.11 7.38 3 4.79c-.37.63-.58 1.37-.58 2.15 0 1.49.75 2.81 1.91 3.56-.71 0-1.37-.2-1.95-.5v.03c0 2.08 1.48 3.82 3.44 4.21a4.22 4.22 0 0 1-1.93.07 4.28 4.28 0 0 0 4 2.98 8.521 8.521 0 0 1-5.33 1.84c-.34 0-.68-.02-1.02-.06C3.44 20.29 5.7 21 8.12 21 16 21 20.33 14.46 20.33 8.79c0-.19 0-.37-.01-.56.84-.6 1.56-1.36 2.14-2.23z"
            />
          </svg>
          <svg
            aria-hidden={true}
            className="MuiSvgIcon-root MuiSvgIcon-fontSizeMedium makeStyles-instagram-16 css-i4bv87-MuiSvgIcon-root"
            data-testid="InstagramIcon"
            focusable="false"
            viewBox="0 0 24 24"
          >
            <path
              d="M7.8 2h8.4C19.4 2 22 4.6 22 7.8v8.4a5.8 5.8 0 0 1-5.8 5.8H7.8C4.6 22 2 19.4 2 16.2V7.8A5.8 5.8 0 0 1 7.8 2m-.2 2A3.6 3.6 0 0 0 4 7.6v8.8C4 18.39 5.61 20 7.6 20h8.8a3.6 3.6 0 0 0 3.6-3.6V7.6C20 5.61 18.39 4 16.4 4H7.6m9.65 1.5a1.25 1.25 0 0 1 1.25 1.25A1.25 1.25 0 0 1 17.25 8 1.25 1.25 0 0 1 16 6.75a1.25 1.25 0 0 1 1.25-1.25M12 7a5 5 0 0 1 5 5 5 5 0 0 1-5 5 5 5 0 0 1-5-5 5 5 0 0 1 5-5m0 2a3 3 0 0 0-3 3 3 3 0 0 0 3 3 3 3 0 0 0 3-3 3 3 0 0 0-3-3z"
            />
          </svg>
          <svg
            aria-hidden={true}
            className="MuiSvgIcon-root MuiSvgIcon-fontSizeMedium makeStyles-linkin-17 css-i4bv87-MuiSvgIcon-root"
            data-testid="LinkedInIcon"
            focusable="false"
            viewBox="0 0 24 24"
          >
            <path
              d="M19 3a2 2 0 0 1 2 2v14a2 2 0 0 1-2 2H5a2 2 0 0 1-2-2V5a2 2 0 0 1 2-2h14m-.5 15.5v-5.3a3.26 3.26 0 0 0-3.26-3.26c-.85 0-1.84.52-2.32 1.3v-1.11h-2.79v8.37h2.79v-4.93c0-.77.62-1.4 1.39-1.4a1.4 1.4 0 0 1 1.4 1.4v4.93h2.79M6.88 8.56a1.68 1.68 0 0 0 1.68-1.68c0-.93-.75-1.69-1.68-1.69a1.69 1.69 0 0 0-1.69 1.69c0 .93.76 1.68 1.69 1.68m1.39 9.94v-8.37H5.5v8.37h2.77z"
            />
          </svg>
        </div>
      </div>
    </div>
  </div>
</div>
`;
